// Jest Snapshot v1, https://goo.gl/fbAQLP

exports[`Card that it matches the existing snapshot 1`] = `
<DocumentFragment>
  <div
    class="card"
  >
    <div
      class="card__delete"
    >
      <button
        class="card__delete"
      >
         Delete 
      </button>
    </div>
    <section
      class="card__content"
    >
      <h2
        class="card__content-text"
      >
        text
      </h2>
      <div
        class="card__content-emoji"
      />
    </section>
  </div>
</DocumentFragment>
`;
