// Jest Snapshot v1, https://goo.gl/fbAQLP

exports[`Card Snapshot test for Card 1`] = `
<DocumentFragment>
  <div
    class="card"
  >
    <div
      class="card__content"
    >
      <div
        class="card__content-text"
      >
        Hooray!
      </div>
      <div
        class="card__content-emoji"
      />
      <button
        class="card__delete"
      >
        Delete
      </button>
    </div>
  </div>
</DocumentFragment>
`;
