// Jest Snapshot v1, https://goo.gl/fbAQLP

exports[`NewCardForm that it matches the existing snapshot 1`] = `
<DocumentFragment>
  <form
    class="new-card-form"
  >
    <h3
      class="new-card-form__header"
    >
      Add a Card
    </h3>
    <div
      class="new-card-form__form"
    >
      <label
        class="new-card-form__form-label"
        for="text"
      >
        Text: 
      </label>
      <input
        class="new-card-form__form-textarea"
        id="text"
        name="text"
        value=""
      />
      <label
        class="new-card-form__form-label"
        for="emoji"
      >
        Emoji: 
      </label>
      <select
        class="new-card-form__form-select"
        id="emoji"
        name="emoji"
      >
        <option
          value=""
        />
        <option
          value="heart_eyes"
        >
          😍
        </option>
        <option
          value="beer"
        >
          🍺
        </option>
        <option
          value="clap"
        >
          👏
        </option>
        <option
          value="sparkling_heart"
        >
          💖
        </option>
        <option
          value="heart_eyes_cat"
        >
          😻
        </option>
        <option
          value="dog"
        >
          🐶
        </option>
        <option
          value="fish"
        >
          🐟
        </option>
        <option
          value="dancer"
        >
          💃
        </option>
        <option
          value="sparkles"
        >
          ✨
        </option>
        <option
          value="avocado"
        >
          🥑
        </option>
        <option
          value="pie"
        >
          🥧
        </option>
        <option
          value="tada"
        >
          🎉
        </option>
        <option
          value="clinking_glasses"
        >
          🥂
        </option>
        <option
          value="cherry_blossom"
        >
          🌸
        </option>
        <option
          value="sunflower"
        >
          🌻
        </option>
        <option
          value="woman_cartwheeling"
        >
          🤸‍♀️
        </option>
        <option
          value="turtle"
        >
          🐢
        </option>
        <option
          value="sweat_smile"
        >
          😅
        </option>
        <option
          value="star_struck"
        >
          🤩
        </option>
        <option
          value="relaxed"
        >
          ☺️
        </option>
      </select>
      <input
        class="new-card-form__form-button"
        name="submit"
        type="submit"
        value="Add a Card"
      />
    </div>
  </form>
</DocumentFragment>
`;
