// Jest Snapshot v1, https://goo.gl/fbAQLP

exports[`Card that it matches the existing snapshot 1`] = `
<DocumentFragment>
  <div
    class="card"
  >
    <div
      class="card__content"
    >
      <div
        class="card__content-text"
      >
        New Card
      </div>
      <div
        class="card__content-emoji"
      />
    </div>
    <button
      class="card__delete"
      type="button"
    >
      Delete
    </button>
  </div>
</DocumentFragment>
`;
